"9\u00166t\u0005󺃘,cn\u0001i󿋲@!\u000f稍w𧮏3\u0004=j惷0(ѹWDm\u0019𧊴d`𫪭1E􍫈􁟁}\u001d \r*c\u0000.~\u0000\u0014(rS\t\u001d#h8\u00194󴋏묛\u0005wT𘔾Zxn\u0010\u000f\t\"\u00034=􁸱􎇅\u0012N瞯􋽹HD𧒭We\u001b𫱑T!𤗑𣿍lo\u001d􉆳󴼃󰷲9􉏪"