{
    "code": "hidTvA__HaXG0Xa3Ko28nN8AQpYNQf0bdzzlgcsBJ76LL6AqUqJRE6D4G_OF0GF-Xxpbgz1OdRLxVXST7QbLsMVyMkIDamWXJa2TkKzcdZZb4hhVDZnIaWYjSfIHLMZa-ywj6C=a-nd2=E62_Lde3qlQ8544-iTn9TzY-CAqGOyrlwysJJNeib_F8Q1u-VW_blqtP3Oo0=18FlDa9y5U3ARIUQ4IAb5OG4XpvaspBuW_-PSrC79vNmABk0vuwM0DLFQAJNuwmRCOF2mvoQF6rMrYsSdJUYB=Pt5Mv5pGRbUwsdUYT-L3HXk77Ebd=c=nfxW34JvGdCZaqbE1_KnqZ1SA=WFGJ6SZfkmPEGwWkwDT=AKsDeekP_L-7zvQHesSE1xdHYs1LWXGYDYCRWDFzLpy3PTtNoIdKj0HvGubtuJK-3DfFUhG4IeA8qmTPHK8TbLD1KlH-eIfsgrPkVX=ik5Jww4AdPDBl-Ad=si9bWREe1Mzn42pP__pu8h1XL8ue5-z3JLbkDLiuFowzzZZj60a-gtf2hlluf9AVqcM_-6herg58y9GRr8xU3Y5Yuno1Fc_eGGshq5RNh5mbE4VUU7BfRweH6su=q=mxLyy62CZ68FUArY=CL_5SscZ5=e6zCf1=Al96BiNilAu0trDDqg0VCagXf_r4-bwSc159X=WNAI6NpQASkXyxg73ouQwsoX-enuFdb7oJWlnfDABZR4FE8sEO=VCc3A4iYUL1LsqaZ",
    "key": "Pvdg7A==",
    "password": "NQi󿓙6\u0014(㩓-I𮝊\u0010\u0011sA'巛\t\u001fE6\\\u0012W󱑔\u0012On􌴼m𖡸g󴄚k\u000e\u000c'5\u0014%5\u0000}_K8󹯦1㪃B𩹓5􏍚=/)RYG\\\u001b󵻹xd󰀚\u00001R󽂃C!B|1t𗥻r󺘡暛\u0004t𭪩Xz\u001cI𫉪f􁲔7N2^ d:愫\u001blo𮑣OPgZ\u0007\u0012󾘑.x\u0016/󶄚y(𬝃\u0019Bo3\u001a\u000b􊋉\t󶚤󼗈K􅾌{𦚟Q(𒅙M𘘙􃏛;`rO\u000c𧊓=q%Y􂯨𘎥\u001a𢠕 UM\u000c𨷭\u0001D7,\u000bGnW\u001c3>\u000b+\u0004zuQ{JtF\u001c|쪿+􍮛{𒅵3󳑙XfBgA\u001b\u001e[\u0013#􎉣􀟷i􉴲\u0013*\n<3!𦻂\u000e(\u001f\u0011BVHm𪼥􏕼\u0008g󷸐\u0014H!X𢣉q\u001c\u001fW\u0007r_#𬱀󲱶\u001a\u001f\\󿣡𗓾󽪷7\u0014㲨􌱾H􁗳\u0014𫽇\n7oEg\u001f\u0002\u0003\"|J߾􍆚n󻺁&d󲙎𨕤CK\u0018?𗫍𤦠\u0010\u0010\u0006\u0000H\u0019w\u000c?\u0019\tv^\u0003X\u001b\u001e𗙷\u001d\u000e\u001fB7lFo\u0002󵆠䓰 \u0016􌰖Lꑕ+J铂Ov󹀐6#9@\u001e\u0008'dAKT'tzk󺧒\n\u00123􊗭YI禽\"􆯑xY\u0013􂗯ꏓ\u001a}9nyZv􏁒\u0007\u00126r􂠯𘪂:\u0012'󾟚𦇒 𤗽9&\u0015o-Y,[󳧠_􃣍\u0017l􉱉\u001d儌\u000c \u0019v}𩌯.󵨊\u0017hgE\u0014c\u0000]H\u000c1\u0008W􁝃\u0001󾳓QnV󷶗\u001e5\u001e𡡵7I􉧩a\u0000SF,W豅7~rO󺨛]􉓀?c𗩎WlpOk\nok\\􎵓DC7\u0003\u000c@\u0015J8󿑶\u0017e(A󿸑𥵭.\u0008􉆓oJ􊯬c\u00030p􉺰🆍&Hp_w\u0006\t\u0015&T9`󼷷s腑\u0010_𦥈v\u0006h\u0006F\u0013]\u0007\u0015H;lMLOqz󳺧􏆙t@󳐌aK]*\u00171\u0004큁7b\u001a𪀈鹩E塴pHt􌃓𠞀A麷󰳚\u000f\u0019\u0012X󰇼P%o?􍉒\u0002\u001ex)r󶽡t𩕘A\"?8伫\u001a𭟱^\u0015𩡞\u000310kV󺶘𓇹55𝟲琠\u001dC&S􊙎g1\u0005ku2ytc\u0002\u0016&;\rU􅗔'󳘏+OX9_\u00045fp<YkQG󺷃𡴩􅌜o􂎝\u001b󷜅𒅒ｲ\t􅥠𬁜𓅸z\"\u0015𡠇!%\u001d`􊶣[\u000e\u0017r 25􀖐+􊍃󷿼󾫚&*5󶥤𠭆🍝k~@8kⱍG;]󱕝\u00102e.𢾼+7􃃸􉵛K00\u0014^WZ\u0011u𭓕\u0001#>\u0015枼𬳎!9s's\u0014\u0007sP\t|\u000b\u0010T󰻐V􍇺,󱀪6𢐶P\u001e\u0016\u001f\u001b󾛣\u001b\u0001+8<;/+\u0006Bq𢑔􀢸Y󶙼빹nጧ8\u000fF\u0007\u001f(}'\"/煃Y?𧻫}n뇶=4\u000eC-󾴽\u0001\\/eI'􀚜u.5𩡳Y\u0017Y('兞\u0010z7b󱸡0𪋪􊿙sNkD􏿇\u000e󺬢|-\nA\"Em&Sj^𫥓}\u0005🚵\u000eEq􉟙𤦫ES65.E\u0007􁔤\u0004{\u0016(߰\u0019\u00053\"qZ}2\u0017i'(󱲾Dur c-\\c㉐M9mY\u0003L*eAuQ桏5en󰠋u𬱵\u001d7𘕹w􌧜+\u000c\u000eYd\\𡟽𗅱}<g`𐡢𤟐M냼􆗈\"%\u000f\u000eI;y􍨐􅱀\u001d\u0015ꎊ􀪍M󲿘O􃴋Ks\u0003\u001c3〉UW~`\u0018\u00106󹢻[𭋩ᮅ]W+aUq9q7󳉽\u0019{\u0018\u00192\u0014u􊸳䧅𦺿󲗳^\u0000𪁾\tq𖣪vLMm􌑿\u0008&: u\u0008LvA\u0018p4.􂭆\u000e\u0002𝈏O$y𥘰ggU-䄹(\n3\u0004M6*h\u000eE=+\u0001}I`䛭d󿚭+n%𧹑\u001c󰷶ud>\u0019$W뾂󶘤>7"
}
