{
    "conversation_role": "kkdmdyqvaafi1taaxkd2n_75cd6edzu52vhzkw2lgmiwe_ghtxdx0yfuiow5w245cazi6b6__kxcw7nc7lveke1dpv2v8hcv4p3p07tcfrhsxe0br0w2yives34t",
    "hidden": false,
    "hidden_ref": "V",
    "otr_archived": true,
    "otr_archived_ref": "`",
    "otr_muted": true,
    "otr_muted_ref": "pè³‘",
    "otr_muted_status": -2,
    "target": "00000002-0000-0000-0000-000000000001"
}
