{"redundant":{"00000002-0000-0001-0000-000100000003":[],"00000004-0000-0004-0000-000300000002":["e"],"00000000-0000-0000-0000-000300000002":[],"00000001-0000-0001-0000-000300000002":["8"],"00000004-0000-0001-0000-000000000000":["3"],"00000003-0000-0000-0000-000000000000":["0","1"]},"time":"1864-05-18T16:25:29.722Z","missing":{"00000019-0000-001e-0000-000e0000001e":["1","e"],"00000002-0000-0006-0000-000700000013":["0","1"],"0000001e-0000-000b-0000-000600000018":["b"]},"deleted":{"00000001-0000-0000-0000-000000000001":[],"00000000-0000-0001-0000-000000000001":["0"],"00000001-0000-0000-0000-000100000000":[],"00000001-0000-0001-0000-000100000000":["0","1"],"00000000-0000-0000-0000-000000000001":[],"00000001-0000-0001-0000-000000000001":[],"00000001-0000-0000-0000-000000000000":[],"00000000-0000-0001-0000-000000000000":[],"00000001-0000-0000-0000-000100000001":[]}}