{
    "icon": "+Y\u0001\n𩺢_{摇婮hFn􌿱-里o\u0003K6􀝇b4#~f\u0019🨻㰰\u001c\u0004\u000b𢬢9-[n󵲱󶔏z*􏂱\u000b\u0017X\u0006󾗣\u0017z\u001a􊅵𓃔s1 [󵍋\u0014|𘅣MoY6\u0014d𢨂E\u0005\u0001𑚶Oh#􈳎u!𩁓[𪒦(뽗$}Y𨪜<\u001b*P1A𮂌*𧩉G4dx𣾵󶘿@;x􁫒d\u0012\u000cp\u0001氶4WY\u0005\u0000􏺺D^栀-I􅊚kC_新S\u0017>􆤧8\u0014Wb}$+􍦏y\u0000m\nR􀪮!(󶄘􃞎\t𬏆KF1[\\(N𥞋(U\u0002Nݨ3󷐒z{$幼Nv3NY\u0014f\u0011nDfh贾S\u0000󰣄\u0010%e󺷎o󽧞\u0018qq[w􊰠\u000c9:ऽZ|+3o\n/󱒻SM|J[,􂣯2󴊈z\u0014\u001f79}\u0004𩮭%V󺩉l_󲙮)󲜥I",
    "name": "􀇱𩉯󱃗\u00158u;\u0017􃯹\u0015\rA$#,𦻗\u0019\u001c󱳊Y\u0003𑑊\u0000(7󴃚1􈏉\t𠚩\u0001:?$s]1U𝍶\\:3𣖵n?K~",
    "currency": "QAR",
    "icon_key": "\u001dnlrE􅁦H\u001d\u0015~\u001f\u001b|-𦰡Zo\\$\u0017󹺝\u001dC󷨪\u0016\u0003Fj{<7􅱝m'\u001b\u0018Bn_N{䉊4\\g\u000b𧫇\u000bsg󻼾\\𦑶8\u0012F@t\u0001\u0015Xy+\u001c\u000f󶡌$󿱑𥇲󸩫)\u000cC󻤖_r\u001a󿲑\u001b&4Pm\u0007-wS󶝋n竹]\u0016󶮺:\r\nO󻆌\u000f+9q\u0004]RyY\u001e𩏱#6'mk𠪦북/\u0017ZZ󿜣|L𠾤o􍗧m_`;,􍞁D構4󽆍\u0000톚\u001d8뢭d𗗿𤊓󰂗3#􏗫𗨼O𨴮0(F\u0004"
}