{"data":"MLë¯¹","native_push":true,"sender":"2","transient":false,"recipients":{}}