{
    "email": "test@example.com",
    "locale": "dv-IN"
}
