{
    "lockStatus": "locked",
    "status": "enabled",
    "ttl" : "unlimited"
}
