{
    "password": ">s$:Gkysvp)1g`^C:􋹅\u0010󾙵􃀉}\u0001gS\u0004󷯲-,Wg􂯭W_r'옊𪟊X>􂋴\\釽r$\u000c?󿱁L\u0007LAw\u0011h2\u000cJ𥣸x\r\"\u0012=󱞾\u000e\u0017%\u001ap\u00066󾗰楂\u0000qJ󾚻UZTK\u0018u󰛪󴖭.A8hサ'\u0010\u0010닑\u0012\u000b𝃜X0qXo󸆜MVB𮀊Hrv=\u0000G𫛚\u000c\u001b\u000c􅹳􃭘\u001e\tB!t'\u001f0v􋐖H\u001b5􀽱V憉𫼞E𬯽E􉸹L<?󷊳閹x="
}
