{
    "password": "\u0005\u001eeCX~IR_F氺I\u0000\u0014똎V𭽓𠐥\u0000汒q\u000c𬱱Z?\"!re𘑉,\t2!yH\u0003𦋎􉹡\u001e󲢫j8yo*\u0002o\u001dZ8✧󻉧󺯀ꔾe𨜁bdM󼽫󷑋ZL\u001c\u0008I.\u0004o\u0012􂌄s󳾘$hR𗠉UU꼖+𫣧$CMlQ/# 貆'rr^\n2>9\u0003􎙐T𭏯`\u0010\u001c⧠N\"摷y!苎8i0d𭸉\u0017U\u0019\u001aCpu𗓞\u000e7:ꍦIl󶍖􏷖𘧐O⨲V7Cx*󽽰꿴z\u0003믰,q􅚔+𗤌󻓫*)4Y⅐x/\u0012PO\u000bP!\u001a3Cr9􏀫倢b9\u0013k\u0005:rg\u0004!t/𩛗ฺH󻫣J𐁌A󾛗빴$fO8a􇐚R􂗣\"qP􌿪𣩓gB󶄀c\u0015\u0017^7}2\u001a꠨\u001c?􇘥\u0013M\u000c􅚋6T\u0003aiO#\u0010𡎝\u000f:𢉟j'(}\u0002\u000fZnkY^\u0015=f᱗\u0000󻨇z󹕨h펃3􊗕\"0P뜽s󻲂.G\u0018\u001b𬳑𢖝~\u0018􅅢=󼘊􉏭Ho􈢵3\u0010@tSWBH􀧱PKv󹽚,f𮖥f\u001c􇩅𣕧'"
}
