{
    "qualified_conversation": {
        "domain": "faraway.example.com",
        "id": "00000838-0000-1bc6-0000-686d00003565"
    },
    "conversation": "00000838-0000-1bc6-0000-686d00003565",
    "time": "1864-05-12T20:29:47.483Z",
    "data": {
        "users": [
            {
                "conversation_role": "dlkagbmicz0f95d",
                "qualified_id": {
                    "domain": "faraway.example.com",
                    "id": "00000055-0000-004d-0000-005100000037"
                },
                "id": "00000055-0000-004d-0000-005100000037"
            },
            {
                "conversation_role": "1me2in15nttjib_zx_qqx_c_mw4rw9bys2w4y78e6qhziu_85wj8vbnk6igkzld9unfvnl0oosp25i4btj6yehlq7q9em_mxsxodvq7nj_f5hqx",
                "qualified_id": {
                    "domain": "faraway.example.com",
                    "id": "0000004c-0000-0051-0000-00220000005c"
                },
                "id": "0000004c-0000-0051-0000-00220000005c"
            },
            {
                "conversation_role": "31664ffg5sx2690yu2059f7hij_m5vmb80kig21u4h3fe8uwfbshhgkdydiv_nwjm3mo4fprgxkizazcvax0vvxwcvdax",
                "qualified_id": {
                    "domain": "faraway.example.com",
                    "id": "00000014-0000-0027-0000-003400000023"
                },
                "id": "00000014-0000-0027-0000-003400000023"
            },
            {
                "conversation_role": "2e",
                "qualified_id": {
                    "domain": "faraway.example.com",
                    "id": "00000001-0000-001f-0000-001500000009"
                },
                "id": "00000001-0000-001f-0000-001500000009"
            },
            {
                "conversation_role": "f3nxp18px4kup3nrarx5wsp1o_eh69",
                "qualified_id": {
                    "domain": "faraway.example.com",
                    "id": "0000005d-0000-0064-0000-00590000007d"
                },
                "id": "0000005d-0000-0064-0000-00590000007d"
            },
            {
                "conversation_role": "fixso00nq4580z4ax9zs0sk3rej11c09rcj2ikbvnrg_io84n0eamqvwlz2icdo2u5jzzovta5j64kp0vg7e_21vs4r0hzv9",
                "qualified_id": {
                    "domain": "faraway.example.com",
                    "id": "00000068-0000-007a-0000-005a0000006c"
                },
                "id": "00000068-0000-007a-0000-005a0000006c"
            },
            {
                "conversation_role": "f9i5d2wd01ijp53en5bq8lch__jlnu8_v2xsgkctpin98byh1009f_v63",
                "qualified_id": {
                    "domain": "faraway.example.com",
                    "id": "00000074-0000-0036-0000-00780000007d"
                },
                "id": "00000074-0000-0036-0000-00780000007d"
            },
            {
                "conversation_role": "o_oqigzovv9oc2uxckvk5eofmc",
                "qualified_id": {
                    "domain": "faraway.example.com",
                    "id": "0000001c-0000-000a-0000-004800000063"
                },
                "id": "0000001c-0000-000a-0000-004800000063"
            },
            {
                "conversation_role": "5snj8s5t7nicihwspcp4sg4ny1pa1yb2s6601vjyxhksbciotoi_rvivybk1iviuz8buw",
                "qualified_id": {
                    "domain": "faraway.example.com",
                    "id": "00000056-0000-0028-0000-004f00000079"
                },
                "id": "00000056-0000-0028-0000-004f00000079"
            },
            {
                "conversation_role": "73e9u2hpffjb5ids29tbtcceg0i9v2",
                "qualified_id": {
                    "domain": "faraway.example.com",
                    "id": "0000001e-0000-0054-0000-002300000053"
                },
                "id": "0000001e-0000-0054-0000-002300000053"
            },
            {
                "conversation_role": "d2s4mc_qt1cc2rox8c9gak_qivlha7q259lsz7y5bz6dxsv8igx9r",
                "qualified_id": {
                    "domain": "faraway.example.com",
                    "id": "0000004d-0000-0027-0000-007500000042"
                },
                "id": "0000004d-0000-0027-0000-007500000042"
            },
            {
                "conversation_role": "7d84htzo4bc9250rer4r8p47ykbesgatuz8wwkoe1m2xnfljpwoi01025ti548frbvdmtykqq4pn1qsoc3s",
                "qualified_id": {
                    "domain": "faraway.example.com",
                    "id": "00000050-0000-006e-0000-007000000057"
                },
                "id": "00000050-0000-006e-0000-007000000057"
            },
            {
                "conversation_role": "v7ldb8mov4an62t6",
                "qualified_id": {
                    "domain": "faraway.example.com",
                    "id": "0000007a-0000-003c-0000-005300000013"
                },
                "id": "0000007a-0000-003c-0000-005300000013"
            },
            {
                "conversation_role": "k7uigpk1wwfc0mffoafjqf3dejctneh21zilaup19435zntvwu8kqd3l0k7s938ex2hf_n7_7dld5z604_if5z88f3u2w28qarfdcw5rkczk4jb4n",
                "qualified_id": {
                    "domain": "faraway.example.com",
                    "id": "00000001-0000-0064-0000-005e00000072"
                },
                "id": "00000001-0000-0064-0000-005e00000072"
            },
            {
                "conversation_role": "s6creybsl300lqkhu0wv_ikgattm3bd1r",
                "qualified_id": {
                    "domain": "faraway.example.com",
                    "id": "00000020-0000-0012-0000-000500000036"
                },
                "id": "00000020-0000-0012-0000-000500000036"
            }
        ],
        "user_ids": [
            "00000055-0000-004d-0000-005100000037",
            "0000004c-0000-0051-0000-00220000005c",
            "00000014-0000-0027-0000-003400000023",
            "00000001-0000-001f-0000-001500000009",
            "0000005d-0000-0064-0000-00590000007d",
            "00000068-0000-007a-0000-005a0000006c",
            "00000074-0000-0036-0000-00780000007d",
            "0000001c-0000-000a-0000-004800000063",
            "00000056-0000-0028-0000-004f00000079",
            "0000001e-0000-0054-0000-002300000053",
            "0000004d-0000-0027-0000-007500000042",
            "00000050-0000-006e-0000-007000000057",
            "0000007a-0000-003c-0000-005300000013",
            "00000001-0000-0064-0000-005e00000072",
            "00000020-0000-0012-0000-000500000036"
        ]
    },
    "from": "0000114a-0000-7da8-0000-40cb00007fcf",
    "qualified_from": {
        "domain": "faraway.example.com",
        "id": "0000114a-0000-7da8-0000-40cb00007fcf"
    },
    "type": "conversation.member-join"
}