{"email":"'􌃓$\u0007@􃩏)\u0010􀖚􆆣􀶞\u0015,","locale":"tr-VA","voice_call":false}