{"email":"𣈶i􆙃e􆝍G\u001b􂗘1[\u0012]\u0014\u0006|䁼9\u000e(0(\n唂@9\u0008"}