{"status":"sent","conversation":"00000003-0000-0003-0000-000200000001","to":"00000002-0000-0001-0000-000200000001","from":"00000002-0000-0004-0000-000400000004","last_update":"1864-05-09T12:04:01.926Z","message":null}