{
    "code": "ShjEcgx6P0Hs",
    "dryrun": false,
    "phone": "+556856857856"
}
