{"summary":"㆜D󳑼","enabled":false,"name":"0􃩖#\u0012➿𐍑K\n:\u0015󷨇🛴.􈴼𐬜󴫻襞^􈚟篫\r\u0013孒hv㨟\u001ed󶉾O湙>D𤈺:r\u0017Z)󾛱8􀉂\u0002󽜳3􍙐ro/󾺬w\u0002i2󽳍󻝐\u000c\u0004茸\u0019\\>\u0017\u0003\u0003V􋸗\"I\\.#+F\u000c2H𖼝\u0006A7\u0015~󵛽􈩺\u0007쀐}[9󽲍\u0012\"𬔧5𩌸w\u001e-\rS^","id":"00000001-0000-0000-0000-000200000000","assets":[{"size":"complete","key":"x","type":"image"}],"description":"s","provider":"00000002-0000-0001-0000-000200000000","tags":["medical","photography","tutorial"]}