{
    "expires": "1864-05-17T02:44:11.614Z",
    "asset": {
        "expires": "1864-05-23T18:01:30.768Z",
        "key": "3-2-0000001c-0000-0037-0000-00770000002d"
    },
    "chunk_size": 25
}