{
    "id": "0000007f-0000-0076-0000-00140000003c"
}
