{
    "cookie": "",
    "label": "A𩥗)",
    "lastkey": {
        "id": 65535,
        "key": "?&#"
    },
    "model": "Y5>",
    "prekeys": [
        {
            "id": 0,
            "key": "􊹣"
        }
    ],
    "type": "temporary"
}
