{"conversation":"00006b4b-0000-3670-0000-230b00000265","time":"1864-06-02T05:55:33.538Z","data":{"name":"\u00161ðª‰™\u001að¨ŒŒFvyE\u0016ó¼† \u0016hð–­«,ó»—¹\u0007|r\u0008\r@H\u001að®¤½K9ð’Š¹"},"from":"00000730-0000-30b9-0000-686b00003d37","type":"conversation.rename"}