{
    "email": "test@example.com",
    "locale": "kk",
    "voice_call": false
}
