{
    "00000000-0000-0000-0000-000200000000": {
        "0": {
            "id": 52,
            "key": "󷞱+@􏴇'\u0003\u000b\u0006"
        }
    },
    "00000000-0000-0001-0000-000000000001": {},
    "00000000-0000-0002-0000-000200000002": {
        "0": null
    },
    "00000001-0000-0001-0000-000000000001": {
        "0": {
            "id": 52,
            "key": "󷞱+@􏴇'\u0003\u000b\u0006"
        },
        "1": {
            "id": 52,
            "key": "󷞱+@􏴇'\u0003\u000b\u0006"
        }
    },
    "00000001-0000-0002-0000-000100000001": {
        "0": {
            "id": 18,
            "key": "\u0004h"
        },
        "1": {
            "id": 52,
            "key": "󷞱+@􏴇'\u0003\u000b\u0006"
        }
    },
    "00000002-0000-0000-0000-000000000001": {
        "2": {
            "id": 121,
            "key": "\u0001m)"
        }
    },
    "00000002-0000-0001-0000-000000000002": {}
}
