{"email":" \u0017@𡥉N􃿹","phone":"+153300710","first":false,"sso_id":{"subject":"i","tenant":""}}