"𥁫5Hi􏭂9tj%3\u001b\r\u001d󼪰\u0008<+'sP󱎽𧆉58\r\u001e"
