{"urn:wire:scim:schemas:profile:1.0":{"richInfo":{"version":0,"fields":[{"value":"\"gi\u0004\u001ffq]r䭞s4\\\u000c\t􏈥\u0011[k𤶦􉈣\u0002􆀆7𠫮4􌛌@􎑛\u0000","type":"7X\u001a\u0002F\t\u0018TN"}]}},"urn:ietf:params:scim:schemas:extension:wire:1.0:User":{"7X\u001a\u0002F\t\u0018TN":"\"gi\u0004\u001ffq]r䭞s4\\\u000c\t􏈥\u0011[k𤶦􉈣\u0002􆀆7𠫮4􌛌@􎑛\u0000"}}