{
    "binding": true,
    "creator": "00000000-0000-0004-0000-000200000002",
    "icon": "􆊅",
    "icon_key": "?&\u001b",
    "id": "00000004-0000-0003-0000-000000000004",
    "name": "\u0006𘐼仄"
}
