{
    "token": {
        "app": "j{ð›‚š\u0001_ôˆ·‰M",
        "client": "6",
        "token": "K",
        "transport": "APNS_VOIP_SANDBOX"
    },
    "type": "user.push-remove"
}
