{
    "has_more": false,
    "services": [
        {
            "assets": [
                {
                    "key": "",
                    "size": "preview",
                    "type": "image"
                }
            ],
            "description": "꒺",
            "enabled": true,
            "id": "00000000-0000-0001-0000-000000000001",
            "name": ":\u0005]𧇁䇽T󶟑hhT\u000e􎩰󱕚$iu\r`=󾬫;𧱥^%\"𢀱𬥓nF-%\u0015䒻\u0002QDJ?Ls6󳫦o\u000f謆}Z􏢏\u000b\u0005\"$`􎬪𥐯S\u0008Ft,k\u0001Q\u0017w􏸔𫀔􎴺𥟈&;𑖧:A􀌣r𪿻eC;\u001d+)@[2縟|S\u0005x[|y𪵞Fh{𗗴𝕐󶚓cN󳉎+𠿯6",
            "provider": "00000001-0000-0001-0000-000100000001",
            "summary": "",
            "tags": []
        }
    ]
}
