{"email":"\u0004󶇦􅻲慺y)w2\u000e󴅆`󷄑C\u0015\u0005@\"\"󿏛𬕛cL1A7萕lK!\u0011\u0017#E"}