{"icon":"C𣭳𫥉9=$Z4􊂗`J#^e:􂫁󻍯|󷁩$6\u0013te[EP3)󰸃𩜩&𗦺ГHk`􁲡\u000bo-\u0006𢑚1\u000e䪡AtIꚦ𗇠&\u0015\u001d􇬖𝘃I%GLA􊿥I -􊇿ǔ􇜚pt6)<.\"􈹫","name":"\u001al|>41*𮣧\u0015TLx~}󾫆\u001dNI𠦾o閤T󴏥DrQ\u0004q\u001cD\u0011\u001d=|<𐧜]Y'{u8%𒉓\u0003𝢥\u000bc\u001ej)咶%𗜋DE󿨫&+!l󻩾D_\"\u000er󾝥󽃪󻛍􀦛󱄤\n_5*F/𬌔$,󽎼\u0006􂥉Pd~󿊈!􇂲\u000ea󷪂_󺁷g\u0001l^jz\u001e􄀻󿰐𧣞𩶆내󱔲Fꊴ2a8'\"n0bH\u00140v\u0013E~\u000c\u001as)5b􁥺𘝰?GzN=𡸄3c<,\u000c&+𐛎𣺽&af𡡀FqV󲑊󱒂\u0012k9\u0001\u001cOZ󶜛躘􁠝H<Iei=󺅯􃀨\u000eg\u0018\u0012\u00190UO\u001b 'I\u0012)𩪻'𠹷\u0008\u0004\u001d\u0013\u0004y]c\n𭘛\u0012l4\u0012)\u00176󰘓?~\t\u000f","icon_key":"y𥩤X/y𡁀E\u00025}THt\u0008\u000f6h􇴔􅞓F󱓅8t㈂󳃹󺲪󵭊(t􈔁􉫨DRn󲥓~ifa\n瘿\u0014L！w\\g\u0010RQwPRiyB>}3\u001d`j\u000cq\u001e􇡓)y\u001awq\u000cR0\u0002(JJ\u0011|\n\u001e󹢗66d\u0015z\u000ew\"[~􎒁u󲇜\u0004󹶺\u0016󹹉\u0001󱄻㠩\u0006D\u0011g0\u001b']q𢷧󱦴ᣡZ\u0013lp\u0001\u0014\u001fi\u0019L)[?\rfহN-4󿻥(\u0002\u0017<,!􂸕\u0014f𘢄P󼶶s𗸟r3\u0008{jzp(\u001dN&\\1𡩸c󳶱\u001e{hh$=i󹾮-0~􂚲𪗣𠐵󷗻lq5󳻦\rclO\u0013)px􆊒9\u000bI􎑼\u0010\u000b}𞋲+,l󳰨o(󶴳󠇡⨲c]\u0010𪭲[]󴈻\u0000"}