{"text":"󶷜H闧\u0011toQ","data":"\u001f𢜽BG𔑏<","sender":"19","recipient":"20"}