{
    "00000005-0000-0005-0000-000400000004": {},
    "00000008-0000-000d-0000-00040000000d": {
        "9": -3,
        "d": -5
    },
    "00000008-0000-0011-0000-000b0000000f": {
        "98": 1
    }
}
