{"has_more":false,"notifications":[{"payload":[{"\r":{"1":"#"},"[=":{}},{},{},{}],"id":"00000001-0000-0002-0000-000100000001"},{"payload":[{"\u001b`":[true,null,null,null]}],"id":"00000002-0000-0001-0000-000200000002"}]}