{"hidden_ref":"","otr_muted_ref":"􉞉속p","conversation_role":"towhht2x6vbbej8ez996qoed_txxn7errr31wnzli7zrq2zsd0mm2saxn4_u_7p1hr53o6t4bsojbpb3_kr4ygseuz0f9kklmyjvs3_n5e5yw0mp2y6ve","hidden":true,"otr_archived":false,"otr_muted_status":-2,"target":"00000000-0000-0002-0000-000100000001"}