{"access":["private","code"],"creator":"00000001-0000-0001-0000-000200000000","access_role":"private","members":{"self":{"hidden_ref":"","status":0,"service":null,"otr_muted_ref":"","conversation_role":"psnwji9b0g8s_00k8p5zn6wcx65n13w44vhfhoy0ib5a283oveywce9u","status_time":"1970-01-01T00:00:00.000Z","hidden":true,"status_ref":"0.0","id":"00000001-0000-0001-0000-000100000000","otr_archived":false,"otr_muted_status":-1,"otr_muted":true,"otr_archived_ref":null},"others":[]},"name":"z=","team":"00000001-0000-0000-0000-000000000002","id":"00000000-0000-0002-0000-000200000000","type":0,"receipt_mode":-2,"last_event_time":"1970-01-01T00:00:00.000Z","message_timer":null,"last_event":"0.0"}