{
    "email": "\u0005?@",
    "first": false,
    "phone": "+208573659013"
}
