{
    "config": {
        "domains": [
            "example.com",
            "test.foobar"
        ]
    },
    "lockStatus": "locked",
    "ttl" : "unlimited"
}
