{
    "id": "0000001c-0000-001d-0000-001a00000006",
    "members": [],
    "name": "óµ¥¯\u0010_^w"
}
