{
    "clients": [
        {
            "client": "0",
            "prekey": {
                "id": 0,
                "key": ""
            }
        },
        {
            "client": "2",
            "prekey": {
                "id": 1,
                "key": ""
            }
        },
        {
            "client": "2",
            "prekey": {
                "id": 0,
                "key": "\u001e"
            }
        }
    ],
    "user": "00000079-0000-0057-0000-004200000037"
}
