{
    "email": "莟^Oz􏽿􀖮NG󸵚\u001djꦧ\u0000i𨙻@0&\u001bi^i\u0003G\r\u0016",
    "password": "􋥵OY \u0000􆀲\u0001X昵}􁏀\u001a0@쁑N󿀾\u001c\u000c.+v1n{F'󷏺u𣮶.v=𭵷ᇎ\u0010af\r\u0015e\u0000\u000e\u001d􊞽𡫳\u0001)􈏘hw\u0001\r\u001c\u0013Z6僭X􋽭h]0%no\u0011󹦌 JEJk􆾒󺽣􌱹dTrtvuz􄥱𬁹f󱫿8\u0008$W0\"\u000e􄝑􌴇~3𔔀~f\u0005z\u0010f\u0003𡧶`1\u0006t􈯅<b\u0015𠂁^,bA\u00111s\u000e$'\t􏁂q􇾹G_𠧸􍷵13Zd\u0006\u001a3\u001d9𤑛\u001a=󹑔\n\u000b󿸲=𮠡ၤ􏧇Mm\u0000/\u0000󽔮 \u001c􏒸H\u0019𩆷_􄊭~Kg\u0000<𗋘`󴈟fq覝𤥋n􊸜]/3\u0014H󰭶]@%\u0010[\u0003𣾪Z먵p=i_2K𘀙𨠵\u0008\u0011𡞖𤭖\u0003𑆰􏹮C󺮡<E𑄎M􋎪I􎗒󾹫F+󻱏OX,奈\u00157\u0019%\u001f🉂㶨\u001d,@RJ\u001f\u0000\u0011O\\Z\u001a\u001dJU/d􈿣\u0005k\u001a$󺥑\u0001x\u00169\u0013_􅌃𐼔T𭽩7𢱐p\r\u0008N`l+h\u00044?hD𓃅ZS􈕅篾wt\u0007𣶗\u001bq\u001a_\u000b\u0003l:𧑐[@顖;H\u000bUH\u00086$G\u000fG\u000c\\D\t鞖``=}$9&ttQ𠇋D\r\u001dWK\u000f?[>@󺌇_󶞾\"]󺰹󸮍𥢡o0>Qd\u0006`GD\u0000󷙦p쥚JF\u0007w\u001cCo𨛚\u0012\u0005\u0008q\\;\u001a󰺊to/Q/3⢺F𓋂j𤁫}yi_/\u0008j*y󶮴&\u001c#KG󾈵\t{\u001fn󶛵󲮖|\th;CJ|S𦮤D􌧩rh󾰤\u0013\u001e5VV󸕦ux9\u000eu𢛮?􍰨_\tx>4󲵔䑿-d:y`*T7𨫧_7\u001d\u0016迯bkb\u0019\u0002􀱓\u0014$󹭉i\u0000𫢓𨻿xUT󴿦a\u0003𠯎V^\u001dvz?;E𥡬𐘷炙\n8X𬳲󳠖\u0018ot\r\u0017\u0000V9>𞹮`c\u001a𐍱W𧚎졳𝝳rh\u0013&𢊂􍌣RC\u000b&=2\u0008􉒙\u0003󲲷)⇿7Uj󻛸A,ckL\u0018𦁑o27𤲅\u0006L\rucW\u0013𮎶Bw_=\u0008"
}
