{"conversation_role":"4kvzuhy7i0sis7q1jdzow_aj7u29n3iplgtx15qwtlphcu","id":"0000005e-0000-005e-0000-007e00000037"}