{"status":"cancelled","conversation":null,"to":"00000000-0000-0004-0000-000200000000","from":"00000002-0000-0002-0000-000200000002","last_update":"1864-05-13T18:59:24.504Z","message":"gZ9\u0005s-\u0006Pu\u0013\u0017yt\nD~𗬰\u000f\u0007r􁎄𪍧q𨭓^n\u001b*!􈈳C􏟻-)tm>7\u001cc&\u0018)𭥭\u0003𫔪M󳥮3󵸸xS\u001aRks\u0018\u0019a\u000b𤼻g쇃\u0002:A󸜎S38f*󿐑􀻷􋇉􃼔_0w\"of;\u0003𐅜𥖎󶲄Yw𢭂\u001f𭰧\u001fYq\u000c\u001d58\tO"}