"J蔮\u0015\u0017-𨟁un3㰫Iyk6z=~5\u001e𥺞7(\u000e*`G󿛕\u000fDv􀣄=h"