{
    "auth_token": "gUQcN1bP_8h3BBlT4pw=",
    "id": "00000016-0000-000c-0000-002000000049"
}
