{
    "email": "ui0^p󸘴\u0003󲶬u<8\"YgWb\u0008x[\u001e},W\u000b󾮟耠\u0016@\u0008*󻥹0>*N`𠲧\u0013 t"
}
