{"prekeys":[{"key":"𛃥󳺘@a","id":35},{"key":"􏻊\u0004𧭸^Ec\u001bH􋥔`","id":78},{"key":"gf2p","id":101},{"key":"􊻸8","id":27},{"key":"ꎭe\u00084?𨠘.\n𝓕5鵣𮚺赦[F","id":19},{"key":"h(󴰳𣮏{R\u0018i|E)\u0017!S","id":0},{"key":"TV\u0019-","id":51},{"key":"\u0018=ྨ}⨚z󳘶\u000fWf","id":76},{"key":"]","id":51},{"key":"S簀𬄦[EV\u0016\u0008/=\\\u0019\u000b","id":107},{"key":"w\\\u0005o/j9󺼄j楋rﳆ","id":25},{"key":"Mj󿶃(z\u001f󿲫\t","id":46},{"key":",`\nw^","id":101},{"key":"hPs𓌆@󲆷Q𑠺\u0011𓂤\u0016􅎑$1","id":105},{"key":"󸿠","id":51},{"key":"\u0017","id":14},{"key":"&;\u0010\n=FOH󺀑鲦^D","id":76}]}