{"icon":")𗓇x$34𨆼II!d!o'k","name":"*\\v𮬳𭋹\u0006fD^󾖾bq/\"b𔕁_1l웟p:煈󵾲\u0004flJ9-Tt𩈚{q󼌔of󿌇\\Y󰆋3\t\u0013F3V𬬉-\u00109󺘊 nd󴕘y\u0019\u001a􃔉􂛽󷩧.iV]􍵫c\u0010dV&rzPoBz􎪐􅱥쁢IY\u0003yd􌼙yEA𮛹&*bp\u0007􎬴QV􍣓^*\ts\u0015O%3􁋁𬲑k<𧋃M4M\u0011Xz😠:󶙙ஒ\u000et\u0010\u0000󾙳Q\u000esM󳇧Za(k1a\u0013\u001aX𩨾󷻧(~Uq詺Fg𣼕","icon_key":"뱤\u000b_\u0008𨃎\u000b𥽓𨒹d\u0011M𦽢.W}}􊟇@n*𐊹'F𥒣耜\u0010鷐n󴋔1ntTM\u0015r\u001aM}!𡗣z훹jk.0lQ휖Kდ􌂹+4󼦤Q56N,\u0019㟓\u0010􊮛>\u0014\u001b>}]z\u000bv^6FV횷G\u000c\u0005Ｐ-벭R}􄕬;!r蕡k󳧏\u0007𡫎-\n:#\u0010/\u0002e\u0012!%Y\u0013)nkr𗅊sHp#\\蓤Z@􅗸󽓢~罊rh>󼯯􀄐\n\u001d>"}