{
    "auth_tokens": [
        "yXM="
    ],
    "base_url": "https://example.com",
    "enabled": false,
    "password": "󳶧X죘x:L􎨗~􇻩𫺸^u𣺒`\u000b=\u0019䌫\u000f6􈬙􏆕󷦞Q\u0015p󵘼𮬂􅮲𭣣􏍩c🨼W􁓝g𪶂/\u0010c?㙝a󼘁%=0@\u001d?\u0003s'󸱗𩄡cQFfA󹌰\u0006`6Vyu􉢫\u0016\u000fQ𨓵􆊆o`􅹵\u001d\r\\}y;󰑡jCk\u000cg$\u0007}\u000f\u001fh5,\u0005c󿷲m⟓17@2\u000c,-U(Z􉕆&㾷𨅆\u0002R$\u001fcB?󺴯\u000bs\u000e&\t*;􌠭aj5󷁤澋𧩨\u000f\u0010I󰫭􂮘\u001d|𗓆5\u0012\u0007XO`𭋝):𩞌\u0000l\u0008􉙯9\u001azᏻ1\u0015C􅗈c\u0014$ZY𥀸:\u0007tq \u001b&>\u0004dlu~𢕖𘀹^-\n\u0007b\u001e儧g\u0000\u0005󴝃 qy;<惁\u000f\u0019\u0010?𞡢m54\u00002)y1\u000e\u0003􎇀􆷴\"V[󼹉\u0001]󱖎i𝤱O\u000b;ᚩ\u0018B𬋗\u0019􏇁\u0000􅙩P𛆕󳑯􌈠8L\nC􂡟D\u001f~\u0004)􎅗쇲a\u0005Wn⚵*𡞥􎟯\u0004{\u0018bCzzGW\u0010󵺲𠌞r(葌5T\u0001駫\u001f\u0000a󻢛DS}r\"yz\u0010s\u0017􋽶,dP𗠱􊒿\u0006[𫭝e􆲁mD!T󶏾\u000b^𑐓T\u0019>}A61\u0003m\u0010_7f\u0016\u0013a䅥\u0016]􌽮󸪯9s\u0012O~a*:O\u000e逩杠?\u0015󵦺Lp𝡨XI🄚o=e\u000cp\u001d-\"􇎌9h􉿣?|~\u000fa/FX\u001fl\u001f󷤛𮟠uX􂧶%]qlfXxxLP1g\u0012r(Jjm鄶𠼫_v󹫖j\u000e胰3컕SY\u001a\n뵸G\u0010\u0003n𣛙\u000c󴢑J\u0015D(ns.M󿦦A𗃂󲙻XI󳏿󱃉賟6m󲫷\u001cS􂒵+!𬴥𣔯\u0005\u0016Y\u000c-e\u0006\u0004\u0004W􋑏\u0011,?3\u0002+􍖮陬.𨾅2\"􀿢\u0006I\u0001\u001d#\u001etJ ⸡\u0014,}.wo󸊵",
    "public_keys": [
        "-----BEGIN PUBLIC KEY-----\nMIIBIjANBgkqhkiG9w0BAQEFAAOCAQ8AMIIBCgKCAQEAu+Kg/PHHU3atXrUbKnw0\nG06FliXcNt3lMwl2os5twEDcPPFw/feGiAKymxp+7JqZDrseS5D9THGrW+OQRIPH\nWvUBdiLfGrZqJO223DB6D8K2Su/odmnjZJ2z23rhXoEArTplu+Dg9K+c2LVeXTKV\nVPOaOzgtAB21XKRiQ4ermqgi3/njr03rXyq/qNkuNd6tNcg+HAfGxfGvvCSYBfiS\nbUKr/BeArYRcjzr/h5m1In6fG/if9GEI6m8dxHT9JbY53wiksowy6ajCuqskIFg8\n7X883H+LA/d6X5CTiPv1VMxXdBUiGPuC9IT/6CNQ1/LFt0P37ax58+LGYlaFo7la\nnQIDAQAB\n-----END PUBLIC KEY-----\n"
    ]
}
