{
    "auth_token": "fjxhvLuMAS6jsck=",
    "id": "00000022-0000-007e-0000-00590000002a"
}
